# hmmsearch :: search profile(s) against a sequence database
# HMMER 3.3.2 (Nov 2020); http://hmmer.org/
# Copyright (C) 2020 Howard Hughes Medical Institute.
# Freely distributed under the BSD open source license.
# - - - - - - - - - - - - - - - - - - - - - - - - - - - - - - - - - - - -
# query HMM file:                  HALOGENATION/HALOPEROXIDASES/final_VCPO/specific/cut/specific_cut_vcpos_2.hmm
# target sequence database:        HALOGENATION/HALOPEROXIDASES/uniprotkb_Acid_phosphatase_AND_reviewed_2026_06_17.fasta
# - - - - - - - - - - - - - - - - - - - - - - - - - - - - - - - - - - - -

Query:       specific_cut_vcpos  [M=395]
Scores for complete sequences (score includes all domains):
   --- full sequence ---   --- best 1 domain ---    -#dom-
    E-value  score  bias    E-value  score  bias    exp  N  Sequence Description
    ------- ------ -----    ------- ------ -----   ---- --  -------- -----------

   [No hits detected that satisfy reporting thresholds]


Domain annotation for each sequence (and alignments):

   [No targets detected that satisfy reporting thresholds]


Internal pipeline statistics summary:
-------------------------------------
Query model(s):                            1  (395 nodes)
Target sequences:                       3802  (2021015 residues searched)
Passed MSV filter:                        93  (0.0244608); expected 76.0 (0.02)
Passed bias filter:                       93  (0.0244608); expected 76.0 (0.02)
Passed Vit filter:                        17  (0.00447133); expected 3.8 (0.001)
Passed Fwd filter:                         0  (0); expected 0.0 (1e-05)
Initial search space (Z):               3802  [actual number of targets]
Domain search space  (domZ):               0  [number of targets reported over threshold]
# CPU time: 0.06u 0.00s 00:00:00.06 Elapsed: 00:00:00.03
# Mc/sec: 26575.54
//
[ok]
